then branch
else if branch
else branch
should give undefined variable error ->
[ERROR] [line 44], Undefined variable 'local_string'.
