<fn printer>
hello world
<class Animal>
fish
true
true
true
true
true
true
true
