3.140000
8.478000
mystring test
mystring
1.000000
2.000000
newstr
20.000000
30.000000
4.000000
1.000000
true
true
true
true
true
true
should give redefinition error ->
[ERROR] [line 44], Redefinition of 'a'.
